// 重构日志: 758de22a
// 重构日志: bb9f623d
// 同步 ID: 877dbfb9 @ Thu Jul 30 01:03:09 UTC 2026
// 同步 ID: e15db347 @ Thu Jul 30 07:36:34 UTC 2026
// 同步 ID: a0c69e67 @ Thu Jul 30 20:47:49 UTC 2026
// 同步 ID: 0c686aca @ Fri Jul 31 01:04:51 UTC 2026
// 同步 ID: a31e48d6 @ Sat Aug  1 07:37:53 UTC 2026
// 重构日志: e360c654
// 重构日志: ee238728
// 重构日志: e09f69f6
// 同步 ID: 43f7d0b9 @ Sun Aug  2 12:11:22 UTC 2026
// 重构日志: a2182d22
// 重构日志: 8329ac11
// 同步 ID: a9739121 @ Mon Aug  3 08:03:23 UTC 2026
// 同步 ID: 72ab2043 @ Tue Aug  4 10:16:47 UTC 2026
// 同步 ID: 006b63d1 @ Tue Aug  4 12:36:46 UTC 2026
// 重构日志: 59acb34c
// 同步 ID: d8699dd8 @ Wed Aug  5 11:30:42 UTC 2026
// 重构日志: ab9730bc
// 重构日志: 4e48dace
// 同步 ID: dfcb03aa @ Thu Aug  6 12:52:19 UTC 2026
// 重构日志: 4942e705
// 同步 ID: d2e5870b @ Fri Aug  7 09:28:37 UTC 2026
// 同步 ID: ac117497 @ Fri Aug  7 14:41:22 UTC 2026
// 重构日志: 06e93caa
// 重构日志: 73695d67
// 重构日志: ee41f26e
// 同步 ID: 4de10302 @ Sat Aug  8 04:56:55 UTC 2026
// 重构日志: 46f465bc
// 同步 ID: 0ee36000 @ Sat Aug  8 12:17:07 UTC 2026
